[debug] [2026-06-07T14:39:35.474Z] ----------------------------------------------------------------------
[debug] [2026-06-07T14:39:35.478Z] Command:       C:\Program Files\nodejs\node.exe C:\Users\José Angel\AppData\Roaming\npm\node_modules\firebase-tools\lib\bin\firebase.js deploy --only auth -P test
[debug] [2026-06-07T14:39:35.478Z] CLI Version:   15.18.0
[debug] [2026-06-07T14:39:35.478Z] Platform:      win32
[debug] [2026-06-07T14:39:35.478Z] Node Version:  v24.15.0
[debug] [2026-06-07T14:39:35.478Z] Time:          Sun Jun 07 2026 08:39:35 GMT-0600 (hora estándar central)
[debug] [2026-06-07T14:39:35.478Z] ----------------------------------------------------------------------
[debug] 
[debug] [2026-06-07T14:39:37.289Z] Field "/auth/providers/emailPassword" in "firebase.json" is possibly invalid: must be boolean
[debug] [2026-06-07T14:39:37.295Z] > command requires scopes: ["email","openid","https://www.googleapis.com/auth/cloudplatformprojects.readonly","https://www.googleapis.com/auth/firebase","https://www.googleapis.com/auth/cloud-platform"]
[debug] [2026-06-07T14:39:37.296Z] > authorizing via signed-in user (joyod2@gmail.com)
[debug] [2026-06-07T14:39:37.296Z] [iam] checking project archery101010-tst for permissions ["firebase.projects.get","firebase.projects.update","firebaseauth.configs.update"]
[debug] [2026-06-07T14:39:37.298Z] Checked if tokens are valid: true, expires at: 1780846537521
[debug] [2026-06-07T14:39:37.299Z] Checked if tokens are valid: true, expires at: 1780846537521
[debug] [2026-06-07T14:39:37.300Z] >>> [apiv2][query] POST https://cloudresourcemanager.googleapis.com/v1/projects/archery101010-tst:testIamPermissions [none]
[debug] [2026-06-07T14:39:37.300Z] >>> [apiv2][(partial)header] POST https://cloudresourcemanager.googleapis.com/v1/projects/archery101010-tst:testIamPermissions  x-goog-user-project=archery101010-tst
[debug] [2026-06-07T14:39:37.300Z] >>> [apiv2][body] POST https://cloudresourcemanager.googleapis.com/v1/projects/archery101010-tst:testIamPermissions {"permissions":["firebase.projects.get","firebase.projects.update","firebaseauth.configs.update"]}
[debug] [2026-06-07T14:39:37.655Z] <<< [apiv2][status] POST https://cloudresourcemanager.googleapis.com/v1/projects/archery101010-tst:testIamPermissions 200
[debug] [2026-06-07T14:39:37.656Z] <<< [apiv2][body] POST https://cloudresourcemanager.googleapis.com/v1/projects/archery101010-tst:testIamPermissions {"permissions":["firebase.projects.get","firebase.projects.update","firebaseauth.configs.update"]}
[info] 
[info] === Deploying to 'archery101010-tst'...
[info] 
[info] i  deploying auth 
[debug] [2026-06-07T14:39:37.658Z] Checked if tokens are valid: true, expires at: 1780846537521
[debug] [2026-06-07T14:39:37.658Z] Checked if tokens are valid: true, expires at: 1780846537521
[debug] [2026-06-07T14:39:37.658Z] >>> [apiv2][query] GET https://firebase.googleapis.com/v1beta1/projects/archery101010-tst/webApps pageSize=100
[debug] [2026-06-07T14:39:37.989Z] <<< [apiv2][status] GET https://firebase.googleapis.com/v1beta1/projects/archery101010-tst/webApps 200
[debug] [2026-06-07T14:39:37.989Z] <<< [apiv2][body] GET https://firebase.googleapis.com/v1beta1/projects/archery101010-tst/webApps {}
[info] No Firebase Web App found. Creating 'Default Web App' for Auth provisioning...
[debug] [2026-06-07T14:39:37.990Z] Checked if tokens are valid: true, expires at: 1780846537521
[debug] [2026-06-07T14:39:37.990Z] Checked if tokens are valid: true, expires at: 1780846537521
[debug] [2026-06-07T14:39:37.991Z] >>> [apiv2][query] POST https://firebase.googleapis.com/v1beta1/projects/archery101010-tst/webApps [none]
[debug] [2026-06-07T14:39:37.991Z] >>> [apiv2][body] POST https://firebase.googleapis.com/v1beta1/projects/archery101010-tst/webApps {"displayName":"Default Web App"}
[debug] [2026-06-07T14:39:38.660Z] <<< [apiv2][status] POST https://firebase.googleapis.com/v1beta1/projects/archery101010-tst/webApps 200
[debug] [2026-06-07T14:39:38.660Z] <<< [apiv2][body] POST https://firebase.googleapis.com/v1beta1/projects/archery101010-tst/webApps {"name":"operations/workflows/NjcxMGQxNzUtNDRhYy00ZmU3LTk5YzctNDU3MzRhMmQ1NmQ4"}
[debug] [2026-06-07T14:39:38.661Z] Checked if tokens are valid: true, expires at: 1780846537521
[debug] [2026-06-07T14:39:38.661Z] Checked if tokens are valid: true, expires at: 1780846537521
[debug] [2026-06-07T14:39:38.661Z] >>> [apiv2][query] GET https://firebase.googleapis.com/v1beta1/operations/workflows/NjcxMGQxNzUtNDRhYy00ZmU3LTk5YzctNDU3MzRhMmQ1NmQ4 [none]
[debug] [2026-06-07T14:39:39.022Z] <<< [apiv2][status] GET https://firebase.googleapis.com/v1beta1/operations/workflows/NjcxMGQxNzUtNDRhYy00ZmU3LTk5YzctNDU3MzRhMmQ1NmQ4 200
[debug] [2026-06-07T14:39:39.023Z] <<< [apiv2][body] GET https://firebase.googleapis.com/v1beta1/operations/workflows/NjcxMGQxNzUtNDRhYy00ZmU3LTk5YzctNDU3MzRhMmQ1NmQ4 {"name":"operations/workflows/NjcxMGQxNzUtNDRhYy00ZmU3LTk5YzctNDU3MzRhMmQ1NmQ4"}
[debug] [2026-06-07T14:39:39.527Z] [Create Web app Poller] Retrying task index 0
[debug] [2026-06-07T14:39:39.528Z] Checked if tokens are valid: true, expires at: 1780846537521
[debug] [2026-06-07T14:39:39.528Z] Checked if tokens are valid: true, expires at: 1780846537521
[debug] [2026-06-07T14:39:39.529Z] >>> [apiv2][query] GET https://firebase.googleapis.com/v1beta1/operations/workflows/NjcxMGQxNzUtNDRhYy00ZmU3LTk5YzctNDU3MzRhMmQ1NmQ4 [none]
[debug] [2026-06-07T14:39:39.929Z] <<< [apiv2][status] GET https://firebase.googleapis.com/v1beta1/operations/workflows/NjcxMGQxNzUtNDRhYy00ZmU3LTk5YzctNDU3MzRhMmQ1NmQ4 200
[debug] [2026-06-07T14:39:39.929Z] <<< [apiv2][body] GET https://firebase.googleapis.com/v1beta1/operations/workflows/NjcxMGQxNzUtNDRhYy00ZmU3LTk5YzctNDU3MzRhMmQ1NmQ4 {"name":"operations/workflows/NjcxMGQxNzUtNDRhYy00ZmU3LTk5YzctNDU3MzRhMmQ1NmQ4"}
[debug] [2026-06-07T14:39:40.941Z] [Create Web app Poller] Retrying task index 0
[debug] [2026-06-07T14:39:40.941Z] Checked if tokens are valid: true, expires at: 1780846537521
[debug] [2026-06-07T14:39:40.942Z] Checked if tokens are valid: true, expires at: 1780846537521
[debug] [2026-06-07T14:39:40.942Z] >>> [apiv2][query] GET https://firebase.googleapis.com/v1beta1/operations/workflows/NjcxMGQxNzUtNDRhYy00ZmU3LTk5YzctNDU3MzRhMmQ1NmQ4 [none]
[debug] [2026-06-07T14:39:41.362Z] <<< [apiv2][status] GET https://firebase.googleapis.com/v1beta1/operations/workflows/NjcxMGQxNzUtNDRhYy00ZmU3LTk5YzctNDU3MzRhMmQ1NmQ4 200
[debug] [2026-06-07T14:39:41.363Z] <<< [apiv2][body] GET https://firebase.googleapis.com/v1beta1/operations/workflows/NjcxMGQxNzUtNDRhYy00ZmU3LTk5YzctNDU3MzRhMmQ1NmQ4 {"name":"operations/workflows/NjcxMGQxNzUtNDRhYy00ZmU3LTk5YzctNDU3MzRhMmQ1NmQ4"}
[debug] [2026-06-07T14:39:43.377Z] [Create Web app Poller] Retrying task index 0
[debug] [2026-06-07T14:39:43.378Z] Checked if tokens are valid: true, expires at: 1780846537521
[debug] [2026-06-07T14:39:43.378Z] Checked if tokens are valid: true, expires at: 1780846537521
[debug] [2026-06-07T14:39:43.378Z] >>> [apiv2][query] GET https://firebase.googleapis.com/v1beta1/operations/workflows/NjcxMGQxNzUtNDRhYy00ZmU3LTk5YzctNDU3MzRhMmQ1NmQ4 [none]
[debug] [2026-06-07T14:39:43.719Z] <<< [apiv2][status] GET https://firebase.googleapis.com/v1beta1/operations/workflows/NjcxMGQxNzUtNDRhYy00ZmU3LTk5YzctNDU3MzRhMmQ1NmQ4 200
[debug] [2026-06-07T14:39:43.719Z] <<< [apiv2][body] GET https://firebase.googleapis.com/v1beta1/operations/workflows/NjcxMGQxNzUtNDRhYy00ZmU3LTk5YzctNDU3MzRhMmQ1NmQ4 {"name":"operations/workflows/NjcxMGQxNzUtNDRhYy00ZmU3LTk5YzctNDU3MzRhMmQ1NmQ4"}
[debug] [2026-06-07T14:39:47.726Z] [Create Web app Poller] Retrying task index 0
[debug] [2026-06-07T14:39:47.727Z] Checked if tokens are valid: true, expires at: 1780846537521
[debug] [2026-06-07T14:39:47.727Z] Checked if tokens are valid: true, expires at: 1780846537521
[debug] [2026-06-07T14:39:47.728Z] >>> [apiv2][query] GET https://firebase.googleapis.com/v1beta1/operations/workflows/NjcxMGQxNzUtNDRhYy00ZmU3LTk5YzctNDU3MzRhMmQ1NmQ4 [none]
[debug] [2026-06-07T14:39:48.019Z] <<< [apiv2][status] GET https://firebase.googleapis.com/v1beta1/operations/workflows/NjcxMGQxNzUtNDRhYy00ZmU3LTk5YzctNDU3MzRhMmQ1NmQ4 200
[debug] [2026-06-07T14:39:48.019Z] <<< [apiv2][body] GET https://firebase.googleapis.com/v1beta1/operations/workflows/NjcxMGQxNzUtNDRhYy00ZmU3LTk5YzctNDU3MzRhMmQ1NmQ4 {"name":"operations/workflows/NjcxMGQxNzUtNDRhYy00ZmU3LTk5YzctNDU3MzRhMmQ1NmQ4","done":true,"response":{"@type":"type.googleapis.com/google.firebase.service.v1beta1.WebApp","name":"projects/archery101010-tst/webApps/1:205974427894:web:16aee6e14fb8ad49f534d7","appId":"1:205974427894:web:16aee6e14fb8ad49f534d7","displayName":"Default Web App","projectId":"archery101010-tst","webId":"OTM0Njg5NzYtYjlmOC00NGUwLWI4NDQtMmIyY2U1NzZmZmFm","apiKeyId":"d75e419f-ca3a-4593-ac9e-0e182e7afb50","state":"ACTIVE","expireTime":"1970-01-01T00:00:00Z","etag":"1_3cccf091-70b2-401f-8fb3-e8f3ed89090b"}}
[info] Enabling auth providers: Google sign-in...
[debug] [2026-06-07T14:39:48.021Z] [provision] Starting Firebase app provisioning...
[debug] [2026-06-07T14:39:48.021Z] [provision] Request: {
  "appNamespace": "1:205974427894:web:16aee6e14fb8ad49f534d7",
  "parent": "projects/archery101010-tst",
  "firebaseAuthInput": {
    "googleSigninProviderMode": "PROVIDER_ENABLED",
    "googleSigninProviderConfig": {}
  },
  "webInput": {}
}
[debug] [2026-06-07T14:39:48.021Z] Checked if tokens are valid: true, expires at: 1780846537521
[debug] [2026-06-07T14:39:48.021Z] Checked if tokens are valid: true, expires at: 1780846537521
[debug] [2026-06-07T14:39:48.022Z] >>> [apiv2][query] POST https://firebase.googleapis.com/v1alpha/firebase:provisionFirebaseApp [none]
[debug] [2026-06-07T14:39:48.022Z] >>> [apiv2][body] POST https://firebase.googleapis.com/v1alpha/firebase:provisionFirebaseApp {"appNamespace":"1:205974427894:web:16aee6e14fb8ad49f534d7","parent":"projects/archery101010-tst","firebaseAuthInput":{"googleSigninProviderMode":"PROVIDER_ENABLED","googleSigninProviderConfig":{}},"webInput":{}}
[debug] [2026-06-07T14:39:48.533Z] <<< [apiv2][status] POST https://firebase.googleapis.com/v1alpha/firebase:provisionFirebaseApp 200
[debug] [2026-06-07T14:39:48.533Z] <<< [apiv2][body] POST https://firebase.googleapis.com/v1alpha/firebase:provisionFirebaseApp {"name":"operations/workflows/OGVkOTIyOTgtNDdkNC00YzIzLTkyYzctOWQzZGZmOThhMTQ4"}
[debug] [2026-06-07T14:39:48.533Z] [provision] Operation started: operations/workflows/OGVkOTIyOTgtNDdkNC00YzIzLTkyYzctOWQzZGZmOThhMTQ4
[debug] [2026-06-07T14:39:48.534Z] [provision] Polling for operation completion...
[debug] [2026-06-07T14:39:48.534Z] Checked if tokens are valid: true, expires at: 1780846537521
[debug] [2026-06-07T14:39:48.534Z] Checked if tokens are valid: true, expires at: 1780846537521
[debug] [2026-06-07T14:39:48.534Z] >>> [apiv2][query] GET https://firebase.googleapis.com/v1beta1/operations/workflows/OGVkOTIyOTgtNDdkNC00YzIzLTkyYzctOWQzZGZmOThhMTQ4 [none]
[debug] [2026-06-07T14:39:48.836Z] <<< [apiv2][status] GET https://firebase.googleapis.com/v1beta1/operations/workflows/OGVkOTIyOTgtNDdkNC00YzIzLTkyYzctOWQzZGZmOThhMTQ4 200
[debug] [2026-06-07T14:39:48.837Z] <<< [apiv2][body] GET https://firebase.googleapis.com/v1beta1/operations/workflows/OGVkOTIyOTgtNDdkNC00YzIzLTkyYzctOWQzZGZmOThhMTQ4 {"name":"operations/workflows/OGVkOTIyOTgtNDdkNC00YzIzLTkyYzctOWQzZGZmOThhMTQ4"}
[debug] [2026-06-07T14:39:49.046Z] [Provision Firebase App Poller] Retrying task index 0
[debug] [2026-06-07T14:39:49.046Z] Checked if tokens are valid: true, expires at: 1780846537521
[debug] [2026-06-07T14:39:49.046Z] Checked if tokens are valid: true, expires at: 1780846537521
[debug] [2026-06-07T14:39:49.047Z] >>> [apiv2][query] GET https://firebase.googleapis.com/v1beta1/operations/workflows/OGVkOTIyOTgtNDdkNC00YzIzLTkyYzctOWQzZGZmOThhMTQ4 [none]
[debug] [2026-06-07T14:39:49.391Z] <<< [apiv2][status] GET https://firebase.googleapis.com/v1beta1/operations/workflows/OGVkOTIyOTgtNDdkNC00YzIzLTkyYzctOWQzZGZmOThhMTQ4 200
[debug] [2026-06-07T14:39:49.391Z] <<< [apiv2][body] GET https://firebase.googleapis.com/v1beta1/operations/workflows/OGVkOTIyOTgtNDdkNC00YzIzLTkyYzctOWQzZGZmOThhMTQ4 {"name":"operations/workflows/OGVkOTIyOTgtNDdkNC00YzIzLTkyYzctOWQzZGZmOThhMTQ4"}
[debug] [2026-06-07T14:39:49.793Z] [Provision Firebase App Poller] Retrying task index 0
[debug] [2026-06-07T14:39:49.794Z] Checked if tokens are valid: true, expires at: 1780846537521
[debug] [2026-06-07T14:39:49.794Z] Checked if tokens are valid: true, expires at: 1780846537521
[debug] [2026-06-07T14:39:49.794Z] >>> [apiv2][query] GET https://firebase.googleapis.com/v1beta1/operations/workflows/OGVkOTIyOTgtNDdkNC00YzIzLTkyYzctOWQzZGZmOThhMTQ4 [none]
[debug] [2026-06-07T14:39:50.269Z] <<< [apiv2][status] GET https://firebase.googleapis.com/v1beta1/operations/workflows/OGVkOTIyOTgtNDdkNC00YzIzLTkyYzctOWQzZGZmOThhMTQ4 200
[debug] [2026-06-07T14:39:50.269Z] <<< [apiv2][body] GET https://firebase.googleapis.com/v1beta1/operations/workflows/OGVkOTIyOTgtNDdkNC00YzIzLTkyYzctOWQzZGZmOThhMTQ4 {"name":"operations/workflows/OGVkOTIyOTgtNDdkNC00YzIzLTkyYzctOWQzZGZmOThhMTQ4"}
[debug] [2026-06-07T14:39:51.076Z] [Provision Firebase App Poller] Retrying task index 0
[debug] [2026-06-07T14:39:51.076Z] Checked if tokens are valid: true, expires at: 1780846537521
[debug] [2026-06-07T14:39:51.077Z] Checked if tokens are valid: true, expires at: 1780846537521
[debug] [2026-06-07T14:39:51.077Z] >>> [apiv2][query] GET https://firebase.googleapis.com/v1beta1/operations/workflows/OGVkOTIyOTgtNDdkNC00YzIzLTkyYzctOWQzZGZmOThhMTQ4 [none]
[debug] [2026-06-07T14:39:51.398Z] <<< [apiv2][status] GET https://firebase.googleapis.com/v1beta1/operations/workflows/OGVkOTIyOTgtNDdkNC00YzIzLTkyYzctOWQzZGZmOThhMTQ4 200
[debug] [2026-06-07T14:39:51.398Z] <<< [apiv2][body] GET https://firebase.googleapis.com/v1beta1/operations/workflows/OGVkOTIyOTgtNDdkNC00YzIzLTkyYzctOWQzZGZmOThhMTQ4 {"name":"operations/workflows/OGVkOTIyOTgtNDdkNC00YzIzLTkyYzctOWQzZGZmOThhMTQ4"}
[debug] [2026-06-07T14:39:53.008Z] [Provision Firebase App Poller] Retrying task index 0
[debug] [2026-06-07T14:39:53.008Z] Checked if tokens are valid: true, expires at: 1780846537521
[debug] [2026-06-07T14:39:53.009Z] Checked if tokens are valid: true, expires at: 1780846537521
[debug] [2026-06-07T14:39:53.009Z] >>> [apiv2][query] GET https://firebase.googleapis.com/v1beta1/operations/workflows/OGVkOTIyOTgtNDdkNC00YzIzLTkyYzctOWQzZGZmOThhMTQ4 [none]
[debug] [2026-06-07T14:39:53.344Z] <<< [apiv2][status] GET https://firebase.googleapis.com/v1beta1/operations/workflows/OGVkOTIyOTgtNDdkNC00YzIzLTkyYzctOWQzZGZmOThhMTQ4 200
[debug] [2026-06-07T14:39:53.344Z] <<< [apiv2][body] GET https://firebase.googleapis.com/v1beta1/operations/workflows/OGVkOTIyOTgtNDdkNC00YzIzLTkyYzctOWQzZGZmOThhMTQ4 {"name":"operations/workflows/OGVkOTIyOTgtNDdkNC00YzIzLTkyYzctOWQzZGZmOThhMTQ4"}
[debug] [2026-06-07T14:39:56.559Z] [Provision Firebase App Poller] Retrying task index 0
[debug] [2026-06-07T14:39:56.560Z] Checked if tokens are valid: true, expires at: 1780846537521
[debug] [2026-06-07T14:39:56.560Z] Checked if tokens are valid: true, expires at: 1780846537521
[debug] [2026-06-07T14:39:56.560Z] >>> [apiv2][query] GET https://firebase.googleapis.com/v1beta1/operations/workflows/OGVkOTIyOTgtNDdkNC00YzIzLTkyYzctOWQzZGZmOThhMTQ4 [none]
[debug] [2026-06-07T14:39:56.927Z] <<< [apiv2][status] GET https://firebase.googleapis.com/v1beta1/operations/workflows/OGVkOTIyOTgtNDdkNC00YzIzLTkyYzctOWQzZGZmOThhMTQ4 200
[debug] [2026-06-07T14:39:56.927Z] <<< [apiv2][body] GET https://firebase.googleapis.com/v1beta1/operations/workflows/OGVkOTIyOTgtNDdkNC00YzIzLTkyYzctOWQzZGZmOThhMTQ4 {"name":"operations/workflows/OGVkOTIyOTgtNDdkNC00YzIzLTkyYzctOWQzZGZmOThhMTQ4"}
[debug] [2026-06-07T14:40:01.928Z] [Provision Firebase App Poller] Retrying task index 0
[debug] [2026-06-07T14:40:01.928Z] Checked if tokens are valid: true, expires at: 1780846537521
[debug] [2026-06-07T14:40:01.929Z] Checked if tokens are valid: true, expires at: 1780846537521
[debug] [2026-06-07T14:40:01.929Z] >>> [apiv2][query] GET https://firebase.googleapis.com/v1beta1/operations/workflows/OGVkOTIyOTgtNDdkNC00YzIzLTkyYzctOWQzZGZmOThhMTQ4 [none]
[debug] [2026-06-07T14:40:02.353Z] <<< [apiv2][status] GET https://firebase.googleapis.com/v1beta1/operations/workflows/OGVkOTIyOTgtNDdkNC00YzIzLTkyYzctOWQzZGZmOThhMTQ4 200
[debug] [2026-06-07T14:40:02.353Z] <<< [apiv2][body] GET https://firebase.googleapis.com/v1beta1/operations/workflows/OGVkOTIyOTgtNDdkNC00YzIzLTkyYzctOWQzZGZmOThhMTQ4 {"name":"operations/workflows/OGVkOTIyOTgtNDdkNC00YzIzLTkyYzctOWQzZGZmOThhMTQ4"}
[debug] [2026-06-07T14:40:07.357Z] [Provision Firebase App Poller] Retrying task index 0
[debug] [2026-06-07T14:40:07.358Z] Checked if tokens are valid: true, expires at: 1780846537521
[debug] [2026-06-07T14:40:07.358Z] Checked if tokens are valid: true, expires at: 1780846537521
[debug] [2026-06-07T14:40:07.358Z] >>> [apiv2][query] GET https://firebase.googleapis.com/v1beta1/operations/workflows/OGVkOTIyOTgtNDdkNC00YzIzLTkyYzctOWQzZGZmOThhMTQ4 [none]
[debug] [2026-06-07T14:40:07.784Z] <<< [apiv2][status] GET https://firebase.googleapis.com/v1beta1/operations/workflows/OGVkOTIyOTgtNDdkNC00YzIzLTkyYzctOWQzZGZmOThhMTQ4 200
[debug] [2026-06-07T14:40:07.784Z] <<< [apiv2][body] GET https://firebase.googleapis.com/v1beta1/operations/workflows/OGVkOTIyOTgtNDdkNC00YzIzLTkyYzctOWQzZGZmOThhMTQ4 {"name":"operations/workflows/OGVkOTIyOTgtNDdkNC00YzIzLTkyYzctOWQzZGZmOThhMTQ4"}
[debug] [2026-06-07T14:40:12.787Z] [Provision Firebase App Poller] Retrying task index 0
[debug] [2026-06-07T14:40:12.788Z] Checked if tokens are valid: true, expires at: 1780846537521
[debug] [2026-06-07T14:40:12.788Z] Checked if tokens are valid: true, expires at: 1780846537521
[debug] [2026-06-07T14:40:12.788Z] >>> [apiv2][query] GET https://firebase.googleapis.com/v1beta1/operations/workflows/OGVkOTIyOTgtNDdkNC00YzIzLTkyYzctOWQzZGZmOThhMTQ4 [none]
[debug] [2026-06-07T14:40:13.207Z] <<< [apiv2][status] GET https://firebase.googleapis.com/v1beta1/operations/workflows/OGVkOTIyOTgtNDdkNC00YzIzLTkyYzctOWQzZGZmOThhMTQ4 200
[debug] [2026-06-07T14:40:13.207Z] <<< [apiv2][body] GET https://firebase.googleapis.com/v1beta1/operations/workflows/OGVkOTIyOTgtNDdkNC00YzIzLTkyYzctOWQzZGZmOThhMTQ4 {"name":"operations/workflows/OGVkOTIyOTgtNDdkNC00YzIzLTkyYzctOWQzZGZmOThhMTQ4"}
[debug] [2026-06-07T14:40:18.210Z] [Provision Firebase App Poller] Retrying task index 0
[debug] [2026-06-07T14:40:18.210Z] Checked if tokens are valid: true, expires at: 1780846537521
[debug] [2026-06-07T14:40:18.210Z] Checked if tokens are valid: true, expires at: 1780846537521
[debug] [2026-06-07T14:40:18.210Z] >>> [apiv2][query] GET https://firebase.googleapis.com/v1beta1/operations/workflows/OGVkOTIyOTgtNDdkNC00YzIzLTkyYzctOWQzZGZmOThhMTQ4 [none]
[debug] [2026-06-07T14:40:18.664Z] <<< [apiv2][status] GET https://firebase.googleapis.com/v1beta1/operations/workflows/OGVkOTIyOTgtNDdkNC00YzIzLTkyYzctOWQzZGZmOThhMTQ4 200
[debug] [2026-06-07T14:40:18.664Z] <<< [apiv2][body] GET https://firebase.googleapis.com/v1beta1/operations/workflows/OGVkOTIyOTgtNDdkNC00YzIzLTkyYzctOWQzZGZmOThhMTQ4 {"name":"operations/workflows/OGVkOTIyOTgtNDdkNC00YzIzLTkyYzctOWQzZGZmOThhMTQ4"}
[debug] [2026-06-07T14:40:23.665Z] [Provision Firebase App Poller] Retrying task index 0
[debug] [2026-06-07T14:40:23.665Z] Checked if tokens are valid: true, expires at: 1780846537521
[debug] [2026-06-07T14:40:23.666Z] Checked if tokens are valid: true, expires at: 1780846537521
[debug] [2026-06-07T14:40:23.666Z] >>> [apiv2][query] GET https://firebase.googleapis.com/v1beta1/operations/workflows/OGVkOTIyOTgtNDdkNC00YzIzLTkyYzctOWQzZGZmOThhMTQ4 [none]
[debug] [2026-06-07T14:40:24.166Z] <<< [apiv2][status] GET https://firebase.googleapis.com/v1beta1/operations/workflows/OGVkOTIyOTgtNDdkNC00YzIzLTkyYzctOWQzZGZmOThhMTQ4 200
[debug] [2026-06-07T14:40:24.167Z] <<< [apiv2][body] GET https://firebase.googleapis.com/v1beta1/operations/workflows/OGVkOTIyOTgtNDdkNC00YzIzLTkyYzctOWQzZGZmOThhMTQ4 {"name":"operations/workflows/OGVkOTIyOTgtNDdkNC00YzIzLTkyYzctOWQzZGZmOThhMTQ4"}
[debug] [2026-06-07T14:40:29.181Z] [Provision Firebase App Poller] Retrying task index 0
[debug] [2026-06-07T14:40:29.181Z] Checked if tokens are valid: true, expires at: 1780846537521
[debug] [2026-06-07T14:40:29.181Z] Checked if tokens are valid: true, expires at: 1780846537521
[debug] [2026-06-07T14:40:29.181Z] >>> [apiv2][query] GET https://firebase.googleapis.com/v1beta1/operations/workflows/OGVkOTIyOTgtNDdkNC00YzIzLTkyYzctOWQzZGZmOThhMTQ4 [none]
[debug] [2026-06-07T14:40:29.652Z] <<< [apiv2][status] GET https://firebase.googleapis.com/v1beta1/operations/workflows/OGVkOTIyOTgtNDdkNC00YzIzLTkyYzctOWQzZGZmOThhMTQ4 200
[debug] [2026-06-07T14:40:29.653Z] <<< [apiv2][body] GET https://firebase.googleapis.com/v1beta1/operations/workflows/OGVkOTIyOTgtNDdkNC00YzIzLTkyYzctOWQzZGZmOThhMTQ4 {"name":"operations/workflows/OGVkOTIyOTgtNDdkNC00YzIzLTkyYzctOWQzZGZmOThhMTQ4"}
[debug] [2026-06-07T14:40:34.660Z] [Provision Firebase App Poller] Retrying task index 0
[debug] [2026-06-07T14:40:34.660Z] Checked if tokens are valid: true, expires at: 1780846537521
[debug] [2026-06-07T14:40:34.660Z] Checked if tokens are valid: true, expires at: 1780846537521
[debug] [2026-06-07T14:40:34.661Z] >>> [apiv2][query] GET https://firebase.googleapis.com/v1beta1/operations/workflows/OGVkOTIyOTgtNDdkNC00YzIzLTkyYzctOWQzZGZmOThhMTQ4 [none]
[debug] [2026-06-07T14:40:35.119Z] <<< [apiv2][status] GET https://firebase.googleapis.com/v1beta1/operations/workflows/OGVkOTIyOTgtNDdkNC00YzIzLTkyYzctOWQzZGZmOThhMTQ4 200
[debug] [2026-06-07T14:40:35.120Z] <<< [apiv2][body] GET https://firebase.googleapis.com/v1beta1/operations/workflows/OGVkOTIyOTgtNDdkNC00YzIzLTkyYzctOWQzZGZmOThhMTQ4 {"name":"operations/workflows/OGVkOTIyOTgtNDdkNC00YzIzLTkyYzctOWQzZGZmOThhMTQ4"}
[debug] [2026-06-07T14:40:40.122Z] [Provision Firebase App Poller] Retrying task index 0
[debug] [2026-06-07T14:40:40.123Z] Checked if tokens are valid: true, expires at: 1780846537521
[debug] [2026-06-07T14:40:40.123Z] Checked if tokens are valid: true, expires at: 1780846537521
[debug] [2026-06-07T14:40:40.123Z] >>> [apiv2][query] GET https://firebase.googleapis.com/v1beta1/operations/workflows/OGVkOTIyOTgtNDdkNC00YzIzLTkyYzctOWQzZGZmOThhMTQ4 [none]
[debug] [2026-06-07T14:40:40.648Z] <<< [apiv2][status] GET https://firebase.googleapis.com/v1beta1/operations/workflows/OGVkOTIyOTgtNDdkNC00YzIzLTkyYzctOWQzZGZmOThhMTQ4 200
[debug] [2026-06-07T14:40:40.648Z] <<< [apiv2][body] GET https://firebase.googleapis.com/v1beta1/operations/workflows/OGVkOTIyOTgtNDdkNC00YzIzLTkyYzctOWQzZGZmOThhMTQ4 {"name":"operations/workflows/OGVkOTIyOTgtNDdkNC00YzIzLTkyYzctOWQzZGZmOThhMTQ4"}
[debug] [2026-06-07T14:40:45.653Z] [Provision Firebase App Poller] Retrying task index 0
[debug] [2026-06-07T14:40:45.653Z] Checked if tokens are valid: true, expires at: 1780846537521
[debug] [2026-06-07T14:40:45.653Z] Checked if tokens are valid: true, expires at: 1780846537521
[debug] [2026-06-07T14:40:45.654Z] >>> [apiv2][query] GET https://firebase.googleapis.com/v1beta1/operations/workflows/OGVkOTIyOTgtNDdkNC00YzIzLTkyYzctOWQzZGZmOThhMTQ4 [none]
[debug] [2026-06-07T14:40:46.053Z] <<< [apiv2][status] GET https://firebase.googleapis.com/v1beta1/operations/workflows/OGVkOTIyOTgtNDdkNC00YzIzLTkyYzctOWQzZGZmOThhMTQ4 200
[debug] [2026-06-07T14:40:46.053Z] <<< [apiv2][body] GET https://firebase.googleapis.com/v1beta1/operations/workflows/OGVkOTIyOTgtNDdkNC00YzIzLTkyYzctOWQzZGZmOThhMTQ4 {"name":"operations/workflows/OGVkOTIyOTgtNDdkNC00YzIzLTkyYzctOWQzZGZmOThhMTQ4"}
[debug] [2026-06-07T14:40:51.060Z] [Provision Firebase App Poller] Retrying task index 0
[debug] [2026-06-07T14:40:51.060Z] Checked if tokens are valid: true, expires at: 1780846537521
[debug] [2026-06-07T14:40:51.060Z] Checked if tokens are valid: true, expires at: 1780846537521
[debug] [2026-06-07T14:40:51.060Z] >>> [apiv2][query] GET https://firebase.googleapis.com/v1beta1/operations/workflows/OGVkOTIyOTgtNDdkNC00YzIzLTkyYzctOWQzZGZmOThhMTQ4 [none]
[debug] [2026-06-07T14:40:51.503Z] <<< [apiv2][status] GET https://firebase.googleapis.com/v1beta1/operations/workflows/OGVkOTIyOTgtNDdkNC00YzIzLTkyYzctOWQzZGZmOThhMTQ4 200
[debug] [2026-06-07T14:40:51.503Z] <<< [apiv2][body] GET https://firebase.googleapis.com/v1beta1/operations/workflows/OGVkOTIyOTgtNDdkNC00YzIzLTkyYzctOWQzZGZmOThhMTQ4 {"name":"operations/workflows/OGVkOTIyOTgtNDdkNC00YzIzLTkyYzctOWQzZGZmOThhMTQ4"}
[debug] [2026-06-07T14:40:56.508Z] [Provision Firebase App Poller] Retrying task index 0
[debug] [2026-06-07T14:40:56.509Z] Checked if tokens are valid: true, expires at: 1780846537521
[debug] [2026-06-07T14:40:56.509Z] Checked if tokens are valid: true, expires at: 1780846537521
[debug] [2026-06-07T14:40:56.509Z] >>> [apiv2][query] GET https://firebase.googleapis.com/v1beta1/operations/workflows/OGVkOTIyOTgtNDdkNC00YzIzLTkyYzctOWQzZGZmOThhMTQ4 [none]
[debug] [2026-06-07T14:40:57.034Z] <<< [apiv2][status] GET https://firebase.googleapis.com/v1beta1/operations/workflows/OGVkOTIyOTgtNDdkNC00YzIzLTkyYzctOWQzZGZmOThhMTQ4 200
[debug] [2026-06-07T14:40:57.035Z] <<< [apiv2][body] GET https://firebase.googleapis.com/v1beta1/operations/workflows/OGVkOTIyOTgtNDdkNC00YzIzLTkyYzctOWQzZGZmOThhMTQ4 {"name":"operations/workflows/OGVkOTIyOTgtNDdkNC00YzIzLTkyYzctOWQzZGZmOThhMTQ4"}
[debug] [2026-06-07T14:41:02.036Z] [Provision Firebase App Poller] Retrying task index 0
[debug] [2026-06-07T14:41:02.037Z] Checked if tokens are valid: true, expires at: 1780846537521
[debug] [2026-06-07T14:41:02.037Z] Checked if tokens are valid: true, expires at: 1780846537521
[debug] [2026-06-07T14:41:02.037Z] >>> [apiv2][query] GET https://firebase.googleapis.com/v1beta1/operations/workflows/OGVkOTIyOTgtNDdkNC00YzIzLTkyYzctOWQzZGZmOThhMTQ4 [none]
[debug] [2026-06-07T14:41:02.411Z] <<< [apiv2][status] GET https://firebase.googleapis.com/v1beta1/operations/workflows/OGVkOTIyOTgtNDdkNC00YzIzLTkyYzctOWQzZGZmOThhMTQ4 200
[debug] [2026-06-07T14:41:02.412Z] <<< [apiv2][body] GET https://firebase.googleapis.com/v1beta1/operations/workflows/OGVkOTIyOTgtNDdkNC00YzIzLTkyYzctOWQzZGZmOThhMTQ4 {"name":"operations/workflows/OGVkOTIyOTgtNDdkNC00YzIzLTkyYzctOWQzZGZmOThhMTQ4"}
[debug] [2026-06-07T14:41:07.416Z] [Provision Firebase App Poller] Retrying task index 0
[debug] [2026-06-07T14:41:07.418Z] Checked if tokens are valid: true, expires at: 1780846537521
[debug] [2026-06-07T14:41:07.418Z] Checked if tokens are valid: true, expires at: 1780846537521
[debug] [2026-06-07T14:41:07.441Z] >>> [apiv2][query] GET https://firebase.googleapis.com/v1beta1/operations/workflows/OGVkOTIyOTgtNDdkNC00YzIzLTkyYzctOWQzZGZmOThhMTQ4 [none]
[debug] [2026-06-07T14:41:07.988Z] <<< [apiv2][status] GET https://firebase.googleapis.com/v1beta1/operations/workflows/OGVkOTIyOTgtNDdkNC00YzIzLTkyYzctOWQzZGZmOThhMTQ4 200
[debug] [2026-06-07T14:41:07.988Z] <<< [apiv2][body] GET https://firebase.googleapis.com/v1beta1/operations/workflows/OGVkOTIyOTgtNDdkNC00YzIzLTkyYzctOWQzZGZmOThhMTQ4 {"name":"operations/workflows/OGVkOTIyOTgtNDdkNC00YzIzLTkyYzctOWQzZGZmOThhMTQ4"}
[debug] [2026-06-07T14:41:12.999Z] [Provision Firebase App Poller] Retrying task index 0
[debug] [2026-06-07T14:41:12.999Z] Checked if tokens are valid: true, expires at: 1780846537521
[debug] [2026-06-07T14:41:12.999Z] Checked if tokens are valid: true, expires at: 1780846537521
[debug] [2026-06-07T14:41:13.000Z] >>> [apiv2][query] GET https://firebase.googleapis.com/v1beta1/operations/workflows/OGVkOTIyOTgtNDdkNC00YzIzLTkyYzctOWQzZGZmOThhMTQ4 [none]
[debug] [2026-06-07T14:41:13.518Z] <<< [apiv2][status] GET https://firebase.googleapis.com/v1beta1/operations/workflows/OGVkOTIyOTgtNDdkNC00YzIzLTkyYzctOWQzZGZmOThhMTQ4 200
[debug] [2026-06-07T14:41:13.519Z] <<< [apiv2][body] GET https://firebase.googleapis.com/v1beta1/operations/workflows/OGVkOTIyOTgtNDdkNC00YzIzLTkyYzctOWQzZGZmOThhMTQ4 {"name":"operations/workflows/OGVkOTIyOTgtNDdkNC00YzIzLTkyYzctOWQzZGZmOThhMTQ4"}
[debug] [2026-06-07T14:41:18.523Z] [Provision Firebase App Poller] Retrying task index 0
[debug] [2026-06-07T14:41:18.523Z] Checked if tokens are valid: true, expires at: 1780846537521
[debug] [2026-06-07T14:41:18.524Z] Checked if tokens are valid: true, expires at: 1780846537521
[debug] [2026-06-07T14:41:18.524Z] >>> [apiv2][query] GET https://firebase.googleapis.com/v1beta1/operations/workflows/OGVkOTIyOTgtNDdkNC00YzIzLTkyYzctOWQzZGZmOThhMTQ4 [none]
[debug] [2026-06-07T14:41:19.048Z] <<< [apiv2][status] GET https://firebase.googleapis.com/v1beta1/operations/workflows/OGVkOTIyOTgtNDdkNC00YzIzLTkyYzctOWQzZGZmOThhMTQ4 200
[debug] [2026-06-07T14:41:19.049Z] <<< [apiv2][body] GET https://firebase.googleapis.com/v1beta1/operations/workflows/OGVkOTIyOTgtNDdkNC00YzIzLTkyYzctOWQzZGZmOThhMTQ4 {"name":"operations/workflows/OGVkOTIyOTgtNDdkNC00YzIzLTkyYzctOWQzZGZmOThhMTQ4"}
[debug] [2026-06-07T14:41:24.062Z] [Provision Firebase App Poller] Retrying task index 0
[debug] [2026-06-07T14:41:24.062Z] Checked if tokens are valid: true, expires at: 1780846537521
[debug] [2026-06-07T14:41:24.062Z] Checked if tokens are valid: true, expires at: 1780846537521
[debug] [2026-06-07T14:41:24.062Z] >>> [apiv2][query] GET https://firebase.googleapis.com/v1beta1/operations/workflows/OGVkOTIyOTgtNDdkNC00YzIzLTkyYzctOWQzZGZmOThhMTQ4 [none]
[debug] [2026-06-07T14:41:24.458Z] <<< [apiv2][status] GET https://firebase.googleapis.com/v1beta1/operations/workflows/OGVkOTIyOTgtNDdkNC00YzIzLTkyYzctOWQzZGZmOThhMTQ4 200
[debug] [2026-06-07T14:41:24.458Z] <<< [apiv2][body] GET https://firebase.googleapis.com/v1beta1/operations/workflows/OGVkOTIyOTgtNDdkNC00YzIzLTkyYzctOWQzZGZmOThhMTQ4 {"name":"operations/workflows/OGVkOTIyOTgtNDdkNC00YzIzLTkyYzctOWQzZGZmOThhMTQ4"}
[debug] [2026-06-07T14:41:29.461Z] [Provision Firebase App Poller] Retrying task index 0
[debug] [2026-06-07T14:41:29.461Z] Checked if tokens are valid: true, expires at: 1780846537521
[debug] [2026-06-07T14:41:29.461Z] Checked if tokens are valid: true, expires at: 1780846537521
[debug] [2026-06-07T14:41:29.461Z] >>> [apiv2][query] GET https://firebase.googleapis.com/v1beta1/operations/workflows/OGVkOTIyOTgtNDdkNC00YzIzLTkyYzctOWQzZGZmOThhMTQ4 [none]
[debug] [2026-06-07T14:41:29.914Z] <<< [apiv2][status] GET https://firebase.googleapis.com/v1beta1/operations/workflows/OGVkOTIyOTgtNDdkNC00YzIzLTkyYzctOWQzZGZmOThhMTQ4 200
[debug] [2026-06-07T14:41:29.914Z] <<< [apiv2][body] GET https://firebase.googleapis.com/v1beta1/operations/workflows/OGVkOTIyOTgtNDdkNC00YzIzLTkyYzctOWQzZGZmOThhMTQ4 {"name":"operations/workflows/OGVkOTIyOTgtNDdkNC00YzIzLTkyYzctOWQzZGZmOThhMTQ4"}
[debug] [2026-06-07T14:41:34.919Z] [Provision Firebase App Poller] Retrying task index 0
[debug] [2026-06-07T14:41:34.920Z] Checked if tokens are valid: true, expires at: 1780846537521
[debug] [2026-06-07T14:41:34.920Z] Checked if tokens are valid: true, expires at: 1780846537521
[debug] [2026-06-07T14:41:34.920Z] >>> [apiv2][query] GET https://firebase.googleapis.com/v1beta1/operations/workflows/OGVkOTIyOTgtNDdkNC00YzIzLTkyYzctOWQzZGZmOThhMTQ4 [none]
[debug] [2026-06-07T14:41:35.436Z] <<< [apiv2][status] GET https://firebase.googleapis.com/v1beta1/operations/workflows/OGVkOTIyOTgtNDdkNC00YzIzLTkyYzctOWQzZGZmOThhMTQ4 200
[debug] [2026-06-07T14:41:35.436Z] <<< [apiv2][body] GET https://firebase.googleapis.com/v1beta1/operations/workflows/OGVkOTIyOTgtNDdkNC00YzIzLTkyYzctOWQzZGZmOThhMTQ4 {"name":"operations/workflows/OGVkOTIyOTgtNDdkNC00YzIzLTkyYzctOWQzZGZmOThhMTQ4"}
[debug] [2026-06-07T14:41:40.443Z] [Provision Firebase App Poller] Retrying task index 0
[debug] [2026-06-07T14:41:40.443Z] Checked if tokens are valid: true, expires at: 1780846537521
[debug] [2026-06-07T14:41:40.444Z] Checked if tokens are valid: true, expires at: 1780846537521
[debug] [2026-06-07T14:41:40.444Z] >>> [apiv2][query] GET https://firebase.googleapis.com/v1beta1/operations/workflows/OGVkOTIyOTgtNDdkNC00YzIzLTkyYzctOWQzZGZmOThhMTQ4 [none]
[debug] [2026-06-07T14:41:40.865Z] <<< [apiv2][status] GET https://firebase.googleapis.com/v1beta1/operations/workflows/OGVkOTIyOTgtNDdkNC00YzIzLTkyYzctOWQzZGZmOThhMTQ4 200
[debug] [2026-06-07T14:41:40.865Z] <<< [apiv2][body] GET https://firebase.googleapis.com/v1beta1/operations/workflows/OGVkOTIyOTgtNDdkNC00YzIzLTkyYzctOWQzZGZmOThhMTQ4 {"name":"operations/workflows/OGVkOTIyOTgtNDdkNC00YzIzLTkyYzctOWQzZGZmOThhMTQ4"}
[debug] [2026-06-07T14:41:45.874Z] [Provision Firebase App Poller] Retrying task index 0
[debug] [2026-06-07T14:41:45.876Z] Checked if tokens are valid: true, expires at: 1780846537521
[debug] [2026-06-07T14:41:45.876Z] Checked if tokens are valid: true, expires at: 1780846537521
[debug] [2026-06-07T14:41:45.876Z] >>> [apiv2][query] GET https://firebase.googleapis.com/v1beta1/operations/workflows/OGVkOTIyOTgtNDdkNC00YzIzLTkyYzctOWQzZGZmOThhMTQ4 [none]
[debug] [2026-06-07T14:41:46.395Z] <<< [apiv2][status] GET https://firebase.googleapis.com/v1beta1/operations/workflows/OGVkOTIyOTgtNDdkNC00YzIzLTkyYzctOWQzZGZmOThhMTQ4 200
[debug] [2026-06-07T14:41:46.395Z] <<< [apiv2][body] GET https://firebase.googleapis.com/v1beta1/operations/workflows/OGVkOTIyOTgtNDdkNC00YzIzLTkyYzctOWQzZGZmOThhMTQ4 {"name":"operations/workflows/OGVkOTIyOTgtNDdkNC00YzIzLTkyYzctOWQzZGZmOThhMTQ4"}
[debug] [2026-06-07T14:41:51.405Z] [Provision Firebase App Poller] Retrying task index 0
[debug] [2026-06-07T14:41:51.406Z] Checked if tokens are valid: true, expires at: 1780846537521
[debug] [2026-06-07T14:41:51.406Z] Checked if tokens are valid: true, expires at: 1780846537521
[debug] [2026-06-07T14:41:51.406Z] >>> [apiv2][query] GET https://firebase.googleapis.com/v1beta1/operations/workflows/OGVkOTIyOTgtNDdkNC00YzIzLTkyYzctOWQzZGZmOThhMTQ4 [none]
[debug] [2026-06-07T14:41:51.777Z] <<< [apiv2][status] GET https://firebase.googleapis.com/v1beta1/operations/workflows/OGVkOTIyOTgtNDdkNC00YzIzLTkyYzctOWQzZGZmOThhMTQ4 200
[debug] [2026-06-07T14:41:51.777Z] <<< [apiv2][body] GET https://firebase.googleapis.com/v1beta1/operations/workflows/OGVkOTIyOTgtNDdkNC00YzIzLTkyYzctOWQzZGZmOThhMTQ4 {"name":"operations/workflows/OGVkOTIyOTgtNDdkNC00YzIzLTkyYzctOWQzZGZmOThhMTQ4"}
[debug] [2026-06-07T14:41:56.787Z] [Provision Firebase App Poller] Retrying task index 0
[debug] [2026-06-07T14:41:56.788Z] Checked if tokens are valid: true, expires at: 1780846537521
[debug] [2026-06-07T14:41:56.788Z] Checked if tokens are valid: true, expires at: 1780846537521
[debug] [2026-06-07T14:41:56.788Z] >>> [apiv2][query] GET https://firebase.googleapis.com/v1beta1/operations/workflows/OGVkOTIyOTgtNDdkNC00YzIzLTkyYzctOWQzZGZmOThhMTQ4 [none]
[debug] [2026-06-07T14:41:57.452Z] <<< [apiv2][status] GET https://firebase.googleapis.com/v1beta1/operations/workflows/OGVkOTIyOTgtNDdkNC00YzIzLTkyYzctOWQzZGZmOThhMTQ4 200
[debug] [2026-06-07T14:41:57.452Z] <<< [apiv2][body] GET https://firebase.googleapis.com/v1beta1/operations/workflows/OGVkOTIyOTgtNDdkNC00YzIzLTkyYzctOWQzZGZmOThhMTQ4 {"name":"operations/workflows/OGVkOTIyOTgtNDdkNC00YzIzLTkyYzctOWQzZGZmOThhMTQ4"}
[debug] [2026-06-07T14:42:02.452Z] [Provision Firebase App Poller] Retrying task index 0
[debug] [2026-06-07T14:42:02.453Z] Checked if tokens are valid: true, expires at: 1780846537521
[debug] [2026-06-07T14:42:02.453Z] Checked if tokens are valid: true, expires at: 1780846537521
[debug] [2026-06-07T14:42:02.453Z] >>> [apiv2][query] GET https://firebase.googleapis.com/v1beta1/operations/workflows/OGVkOTIyOTgtNDdkNC00YzIzLTkyYzctOWQzZGZmOThhMTQ4 [none]
[debug] [2026-06-07T14:42:02.980Z] <<< [apiv2][status] GET https://firebase.googleapis.com/v1beta1/operations/workflows/OGVkOTIyOTgtNDdkNC00YzIzLTkyYzctOWQzZGZmOThhMTQ4 200
[debug] [2026-06-07T14:42:02.980Z] <<< [apiv2][body] GET https://firebase.googleapis.com/v1beta1/operations/workflows/OGVkOTIyOTgtNDdkNC00YzIzLTkyYzctOWQzZGZmOThhMTQ4 {"name":"operations/workflows/OGVkOTIyOTgtNDdkNC00YzIzLTkyYzctOWQzZGZmOThhMTQ4"}
[debug] [2026-06-07T14:42:07.982Z] [Provision Firebase App Poller] Retrying task index 0
[debug] [2026-06-07T14:42:07.983Z] Checked if tokens are valid: true, expires at: 1780846537521
[debug] [2026-06-07T14:42:07.983Z] Checked if tokens are valid: true, expires at: 1780846537521
[debug] [2026-06-07T14:42:07.983Z] >>> [apiv2][query] GET https://firebase.googleapis.com/v1beta1/operations/workflows/OGVkOTIyOTgtNDdkNC00YzIzLTkyYzctOWQzZGZmOThhMTQ4 [none]
[debug] [2026-06-07T14:42:08.346Z] <<< [apiv2][status] GET https://firebase.googleapis.com/v1beta1/operations/workflows/OGVkOTIyOTgtNDdkNC00YzIzLTkyYzctOWQzZGZmOThhMTQ4 200
[debug] [2026-06-07T14:42:08.347Z] <<< [apiv2][body] GET https://firebase.googleapis.com/v1beta1/operations/workflows/OGVkOTIyOTgtNDdkNC00YzIzLTkyYzctOWQzZGZmOThhMTQ4 {"name":"operations/workflows/OGVkOTIyOTgtNDdkNC00YzIzLTkyYzctOWQzZGZmOThhMTQ4"}
[debug] [2026-06-07T14:42:13.352Z] [Provision Firebase App Poller] Retrying task index 0
[debug] [2026-06-07T14:42:13.353Z] Checked if tokens are valid: true, expires at: 1780846537521
[debug] [2026-06-07T14:42:13.353Z] Checked if tokens are valid: true, expires at: 1780846537521
[debug] [2026-06-07T14:42:13.354Z] >>> [apiv2][query] GET https://firebase.googleapis.com/v1beta1/operations/workflows/OGVkOTIyOTgtNDdkNC00YzIzLTkyYzctOWQzZGZmOThhMTQ4 [none]
[debug] [2026-06-07T14:42:13.836Z] <<< [apiv2][status] GET https://firebase.googleapis.com/v1beta1/operations/workflows/OGVkOTIyOTgtNDdkNC00YzIzLTkyYzctOWQzZGZmOThhMTQ4 200
[debug] [2026-06-07T14:42:13.836Z] <<< [apiv2][body] GET https://firebase.googleapis.com/v1beta1/operations/workflows/OGVkOTIyOTgtNDdkNC00YzIzLTkyYzctOWQzZGZmOThhMTQ4 {"name":"operations/workflows/OGVkOTIyOTgtNDdkNC00YzIzLTkyYzctOWQzZGZmOThhMTQ4"}
[debug] [2026-06-07T14:42:18.851Z] [Provision Firebase App Poller] Retrying task index 0
[debug] [2026-06-07T14:42:18.851Z] Checked if tokens are valid: true, expires at: 1780846537521
[debug] [2026-06-07T14:42:18.852Z] Checked if tokens are valid: true, expires at: 1780846537521
[debug] [2026-06-07T14:42:18.852Z] >>> [apiv2][query] GET https://firebase.googleapis.com/v1beta1/operations/workflows/OGVkOTIyOTgtNDdkNC00YzIzLTkyYzctOWQzZGZmOThhMTQ4 [none]
[debug] [2026-06-07T14:42:19.229Z] <<< [apiv2][status] GET https://firebase.googleapis.com/v1beta1/operations/workflows/OGVkOTIyOTgtNDdkNC00YzIzLTkyYzctOWQzZGZmOThhMTQ4 200
[debug] [2026-06-07T14:42:19.229Z] <<< [apiv2][body] GET https://firebase.googleapis.com/v1beta1/operations/workflows/OGVkOTIyOTgtNDdkNC00YzIzLTkyYzctOWQzZGZmOThhMTQ4 {"name":"operations/workflows/OGVkOTIyOTgtNDdkNC00YzIzLTkyYzctOWQzZGZmOThhMTQ4"}
[debug] [2026-06-07T14:42:24.233Z] [Provision Firebase App Poller] Retrying task index 0
[debug] [2026-06-07T14:42:24.233Z] Checked if tokens are valid: true, expires at: 1780846537521
[debug] [2026-06-07T14:42:24.233Z] Checked if tokens are valid: true, expires at: 1780846537521
[debug] [2026-06-07T14:42:24.234Z] >>> [apiv2][query] GET https://firebase.googleapis.com/v1beta1/operations/workflows/OGVkOTIyOTgtNDdkNC00YzIzLTkyYzctOWQzZGZmOThhMTQ4 [none]
[debug] [2026-06-07T14:42:24.692Z] <<< [apiv2][status] GET https://firebase.googleapis.com/v1beta1/operations/workflows/OGVkOTIyOTgtNDdkNC00YzIzLTkyYzctOWQzZGZmOThhMTQ4 200
[debug] [2026-06-07T14:42:24.692Z] <<< [apiv2][body] GET https://firebase.googleapis.com/v1beta1/operations/workflows/OGVkOTIyOTgtNDdkNC00YzIzLTkyYzctOWQzZGZmOThhMTQ4 {"name":"operations/workflows/OGVkOTIyOTgtNDdkNC00YzIzLTkyYzctOWQzZGZmOThhMTQ4"}
[debug] [2026-06-07T14:42:29.700Z] [Provision Firebase App Poller] Retrying task index 0
[debug] [2026-06-07T14:42:29.701Z] Checked if tokens are valid: true, expires at: 1780846537521
[debug] [2026-06-07T14:42:29.701Z] Checked if tokens are valid: true, expires at: 1780846537521
[debug] [2026-06-07T14:42:29.701Z] >>> [apiv2][query] GET https://firebase.googleapis.com/v1beta1/operations/workflows/OGVkOTIyOTgtNDdkNC00YzIzLTkyYzctOWQzZGZmOThhMTQ4 [none]
[debug] [2026-06-07T14:42:30.224Z] <<< [apiv2][status] GET https://firebase.googleapis.com/v1beta1/operations/workflows/OGVkOTIyOTgtNDdkNC00YzIzLTkyYzctOWQzZGZmOThhMTQ4 200
[debug] [2026-06-07T14:42:30.224Z] <<< [apiv2][body] GET https://firebase.googleapis.com/v1beta1/operations/workflows/OGVkOTIyOTgtNDdkNC00YzIzLTkyYzctOWQzZGZmOThhMTQ4 {"name":"operations/workflows/OGVkOTIyOTgtNDdkNC00YzIzLTkyYzctOWQzZGZmOThhMTQ4"}
[debug] [2026-06-07T14:42:35.235Z] [Provision Firebase App Poller] Retrying task index 0
[debug] [2026-06-07T14:42:35.236Z] Checked if tokens are valid: true, expires at: 1780846537521
[debug] [2026-06-07T14:42:35.236Z] Checked if tokens are valid: true, expires at: 1780846537521
[debug] [2026-06-07T14:42:35.236Z] >>> [apiv2][query] GET https://firebase.googleapis.com/v1beta1/operations/workflows/OGVkOTIyOTgtNDdkNC00YzIzLTkyYzctOWQzZGZmOThhMTQ4 [none]
[debug] [2026-06-07T14:42:35.751Z] <<< [apiv2][status] GET https://firebase.googleapis.com/v1beta1/operations/workflows/OGVkOTIyOTgtNDdkNC00YzIzLTkyYzctOWQzZGZmOThhMTQ4 200
[debug] [2026-06-07T14:42:35.751Z] <<< [apiv2][body] GET https://firebase.googleapis.com/v1beta1/operations/workflows/OGVkOTIyOTgtNDdkNC00YzIzLTkyYzctOWQzZGZmOThhMTQ4 {"name":"operations/workflows/OGVkOTIyOTgtNDdkNC00YzIzLTkyYzctOWQzZGZmOThhMTQ4"}
[debug] [2026-06-07T14:42:40.751Z] [Provision Firebase App Poller] Retrying task index 0
[debug] [2026-06-07T14:42:40.751Z] Checked if tokens are valid: true, expires at: 1780846537521
[debug] [2026-06-07T14:42:40.752Z] Checked if tokens are valid: true, expires at: 1780846537521
[debug] [2026-06-07T14:42:40.752Z] >>> [apiv2][query] GET https://firebase.googleapis.com/v1beta1/operations/workflows/OGVkOTIyOTgtNDdkNC00YzIzLTkyYzctOWQzZGZmOThhMTQ4 [none]
[debug] [2026-06-07T14:42:41.226Z] <<< [apiv2][status] GET https://firebase.googleapis.com/v1beta1/operations/workflows/OGVkOTIyOTgtNDdkNC00YzIzLTkyYzctOWQzZGZmOThhMTQ4 200
[debug] [2026-06-07T14:42:41.226Z] <<< [apiv2][body] GET https://firebase.googleapis.com/v1beta1/operations/workflows/OGVkOTIyOTgtNDdkNC00YzIzLTkyYzctOWQzZGZmOThhMTQ4 {"name":"operations/workflows/OGVkOTIyOTgtNDdkNC00YzIzLTkyYzctOWQzZGZmOThhMTQ4"}
[debug] [2026-06-07T14:42:46.233Z] [Provision Firebase App Poller] Retrying task index 0
[debug] [2026-06-07T14:42:46.233Z] Checked if tokens are valid: true, expires at: 1780846537521
[debug] [2026-06-07T14:42:46.234Z] Checked if tokens are valid: true, expires at: 1780846537521
[debug] [2026-06-07T14:42:46.234Z] >>> [apiv2][query] GET https://firebase.googleapis.com/v1beta1/operations/workflows/OGVkOTIyOTgtNDdkNC00YzIzLTkyYzctOWQzZGZmOThhMTQ4 [none]
[debug] [2026-06-07T14:42:46.709Z] <<< [apiv2][status] GET https://firebase.googleapis.com/v1beta1/operations/workflows/OGVkOTIyOTgtNDdkNC00YzIzLTkyYzctOWQzZGZmOThhMTQ4 200
[debug] [2026-06-07T14:42:46.709Z] <<< [apiv2][body] GET https://firebase.googleapis.com/v1beta1/operations/workflows/OGVkOTIyOTgtNDdkNC00YzIzLTkyYzctOWQzZGZmOThhMTQ4 {"name":"operations/workflows/OGVkOTIyOTgtNDdkNC00YzIzLTkyYzctOWQzZGZmOThhMTQ4"}
[debug] Task index 0 failed: timed out after 180000ms.
[debug] [2026-06-07T14:42:48.766Z] FirebaseError: Task index 0 failed: timed out after 180000ms.
    at Timeout.<anonymous> (C:\Users\José Angel\AppData\Roaming\npm\node_modules\firebase-tools\lib\throttler\throttler.js:171:24)
    at listOnTimeout (node:internal/timers:605:17)
    at process.processTimers (node:internal/timers:541:7)
[error] 
[error] Error: Failed to provision Firebase app: Task index 0 failed: timed out after 180000ms.
